[36mvite v7.3.1 [32mbuilding client environment for production...[36m[39m
transforming...
[32mΓ£ô[39m 35 modules transformed.
rendering chunks...
computing gzip size...
[2mdist/[22m[32mindex.html                 [39m[1m[2m  0.46 kB[22m[1m[22m[2m Γöé gzip:  0.29 kB[22m
[2mdist/[22m[35massets/index-B5eL-BHf.css  [39m[1m[2m 16.49 kB[22m[1m[22m[2m Γöé gzip:  3.83 kB[22m
[2mdist/[22m[36massets/index-DH2oXhFH.js   [39m[1m[2m205.60 kB[22m[1m[22m[2m Γöé gzip: 64.81 kB[22m
[32mΓ£ô built in 1.78s[39m
